// Jest Snapshot v1, https://goo.gl/fbAQLP

exports[`Login Successful login 1`] = `
{
  "header": {
    "connection": "close",
    "content-length": "2",
    "content-type": "text/plain; charset=utf-8",
    "date": "Sat, 06 Jan 2024 07:05:43 GMT",
    "etag": "W/"2-nOO9QiTIwXgNtWtBJezz8kv3SLc"",
    "x-powered-by": "Express",
  },
  "req": {
    "data": {
      "password": "test",
      "username": "test",
    },
    "headers": {
      "content-type": "application/json",
    },
    "method": "POST",
    "url": "http://127.0.0.1:39755/login",
  },
  "status": 200,
  "text": "OK",
}
`;
